| mock-rule-07b-command-execution-structural.ts:6:23:6:37 | 'echo reviewed' | Terminal Command Execution (Hardcoded): A hardcoded operating-system command is executed. Review the command and its arguments to confirm that invoking native processes is required and safe. |
| mock-rule-07b-command-execution-structural.ts:7:24:7:29 | 'node' | Terminal Command Execution (Hardcoded): A hardcoded operating-system command is executed. Review the command and its arguments to confirm that invoking native processes is required and safe. |
| mock-rule-07b-command-execution-structural.ts:8:24:8:28 | 'git' | Terminal Command Execution (Hardcoded): A hardcoded operating-system command is executed. Review the command and its arguments to confirm that invoking native processes is required and safe. |
| mock-rule-07b-command-execution-structural.ts:9:31:9:38 | 'ffmpeg' | Terminal Command Execution (Hardcoded): A hardcoded operating-system command is executed. Review the command and its arguments to confirm that invoking native processes is required and safe. |
| mock-rule-07b-command-execution-structural.ts:12:27:12:41 | assignedCommand | Terminal Command Execution (Hardcoded): A hardcoded operating-system command is executed. Review the command and its arguments to confirm that invoking native processes is required and safe. |
| mock-rule-07b-command-execution-structural.ts:14:11:14:16 | 'node' | Terminal Command Execution (Hardcoded): A hardcoded operating-system command is executed. Review the command and its arguments to confirm that invoking native processes is required and safe. |
| mock-rule-07b-command-execution-structural.ts:15:24:15:27 | 'cp' | Terminal Command Execution (Hardcoded): A hardcoded operating-system command is executed. Review the command and its arguments to confirm that invoking native processes is required and safe. |
